[05Jul2026 23:23:28.756] [main/INFO] [cpw.mods.modlauncher.Launcher/MODLAUNCHER]: ModLauncher running: args [--launchTarget, forgeclientdev, --version, 21.1.190, --assetIndex, 17, --assetsDir, C:\\Users\\gr315083\\.mcreator\\gradle\\caches\\neoformruntime\\assets, --gameDir, ., --fml.fmlVersion, 4.0.41, --fml.mcVersion, 1.21.1, --fml.neoForgeVersion, 21.1.190, --fml.neoFormVersion, 20240808.144430]
[05Jul2026 23:23:28.759] [main/INFO] [cpw.mods.modlauncher.Launcher/MODLAUNCHER]: JVM identified as JetBrains s.r.o. OpenJDK 64-Bit Server VM 21.0.10+1-b1163.105
[05Jul2026 23:23:28.761] [main/INFO] [cpw.mods.modlauncher.Launcher/MODLAUNCHER]: ModLauncher 11.0.5+main.901c6ea8 starting: java version 21.0.10 by JetBrains s.r.o.; OS Windows 11 arch amd64 version 10.0
[05Jul2026 23:23:28.892] [main/INFO] [net.neoforged.fml.loading.ImmediateWindowHandler/]: Loading ImmediateWindowProvider fmlearlywindow
[05Jul2026 23:23:28.997] [main/INFO] [EARLYDISPLAY/]: Trying GL version 4.6
[05Jul2026 23:23:29.109] [main/INFO] [EARLYDISPLAY/]: Requested GL version 4.6 got version 4.6
[05Jul2026 23:23:29.234] [main/INFO] [mixin/]: SpongePowered MIXIN Subsystem Version=0.8.7 Source=union:/C:/Users/gr315083/.mcreator/gradle/caches/modules-2/files-2.1/net.fabricmc/sponge-mixin/0.15.2+mixin.0.8.7/2af2f021d8e02a0220dc27a7a72b4666d66d44ca/sponge-mixin-0.15.2+mixin.0.8.7.jar%23138!/ Service=ModLauncher Env=CLIENT
[05Jul2026 23:23:29.350] [pool-2-thread-1/INFO] [EARLYDISPLAY/]: GL info: AMD Radeon(TM) Graphics GL version 4.6.0 Core Profile Context 26.6.2.260608, ATI Technologies Inc.
[05Jul2026 23:23:29.584] [main/INFO] [net.neoforged.fml.loading.moddiscovery.locators.JarInJarDependencyLocator/]: Found 2 dependencies adding them to mods collection
[05Jul2026 23:23:29.585] [main/INFO] [net.neoforged.fml.loading.moddiscovery.ModDiscoverer/]: 
     Mod List:
		Name Version (Mod Id)

		Colorful Lighting 1.3.0 (colorful_lighting)
		Curios API 9.5.1+1.21.1 (curios)
		Exploration 0.0.5 (exploration)
		Lake Feature Fix 0.0.2-1.21.1-neoforge (lakefeaturefix)
		Minecraft 1.21.1 (minecraft)
		NeoForge 21.1.190 (neoforge)
[05Jul2026 23:23:30.512] [main/INFO] [mixin/]: Compatibility level set to JAVA_17
[05Jul2026 23:23:30.516] [main/INFO] [mixin/]: Compatibility level set to JAVA_21
[05Jul2026 23:23:30.538] [main/INFO] [cpw.mods.modlauncher.LaunchServiceHandler/MODLAUNCHER]: Launching target 'forgeclientdev' with arguments [--version, 21.1.190, --gameDir, ., --assetsDir, C:\Users\gr315083\.mcreator\gradle\caches\neoformruntime\assets, --assetIndex, 17]
[05Jul2026 23:23:30.570] [main/WARN] [mixin/]: Reference map 'curios.refmap.json' for curios.neoforge.mixins.json could not be read. If this is a development environment you can ignore this message
[05Jul2026 23:23:30.571] [main/WARN] [mixin/]: Reference map 'curios.refmap.json' for curios.mixins.json could not be read. If this is a development environment you can ignore this message
[05Jul2026 23:23:30.573] [main/WARN] [mixin/]: Reference map 'productiveslimes.refmap.json' for lakefeaturefix.mixins.json could not be read. If this is a development environment you can ignore this message
[05Jul2026 23:23:31.552] [main/INFO] [MixinExtras|Service/]: Initializing MixinExtras via com.llamalad7.mixinextras.service.MixinExtrasServiceImpl(version=0.4.1).
[05Jul2026 23:23:32.415] [Datafixer Bootstrap/INFO] [com.mojang.datafixers.DataFixerBuilder/]: 229 Datafixer optimizations took 277 milliseconds
[05Jul2026 23:23:37.465] [main/WARN] [net.minecraft.commands.Commands/]: Ambiguity between arguments [teleport, location] and [teleport, destination] with inputs: [0.1 -0.5 .9, 0 0 0]
[05Jul2026 23:23:37.467] [main/WARN] [net.minecraft.commands.Commands/]: Ambiguity between arguments [teleport, location] and [teleport, targets] with inputs: [0.1 -0.5 .9, 0 0 0]
[05Jul2026 23:23:37.470] [main/WARN] [net.minecraft.commands.Commands/]: Ambiguity between arguments [teleport, destination] and [teleport, targets] with inputs: [Player, 0123, @e, dd12be42-52a9-4a91-a8a1-11c01849e498]
[05Jul2026 23:23:37.472] [main/WARN] [net.minecraft.commands.Commands/]: Ambiguity between arguments [teleport, targets] and [teleport, destination] with inputs: [Player, 0123, dd12be42-52a9-4a91-a8a1-11c01849e498]
[05Jul2026 23:23:37.474] [main/WARN] [net.minecraft.commands.Commands/]: Ambiguity between arguments [teleport, targets, location] and [teleport, targets, destination] with inputs: [0.1 -0.5 .9, 0 0 0]
[05Jul2026 23:23:37.593] [Render thread/WARN] [net.minecraft.server.packs.VanillaPackResourcesBuilder/]: Assets URL 'union:/C:/Softwares/MCreatorWorkspaces/exploration/build/moddev/artifacts/neoforge-21.1.190.jar%23192!/assets/.mcassetsroot' uses unexpected schema
[05Jul2026 23:23:37.594] [Render thread/WARN] [net.minecraft.server.packs.VanillaPackResourcesBuilder/]: Assets URL 'union:/C:/Softwares/MCreatorWorkspaces/exploration/build/moddev/artifacts/neoforge-21.1.190.jar%23192!/data/.mcassetsroot' uses unexpected schema
[05Jul2026 23:23:37.620] [Render thread/INFO] [com.mojang.authlib.yggdrasil.YggdrasilAuthenticationService/]: Environment: Environment[sessionHost=https://sessionserver.mojang.com, servicesHost=https://api.minecraftservices.com, name=PROD]
[05Jul2026 23:23:37.630] [Render thread/INFO] [net.minecraft.client.Minecraft/]: Setting user: Dev
[05Jul2026 23:23:37.743] [Render thread/INFO] [net.minecraft.client.Minecraft/]: Backend library: LWJGL version 3.3.3+5
[05Jul2026 23:23:37.933] [modloading-worker-0/INFO] [net.neoforged.neoforge.common.NeoForgeMod/NEOFORGE-MOD]: NeoForge mod loading, version 21.1.190, for MC 1.21.1
[05Jul2026 23:23:39.138] [Render thread/INFO] [net.neoforged.neoforge.gametest.GameTestHooks/]: Enabled Gametest Namespaces: []
[05Jul2026 23:23:39.400] [Render thread/INFO] [net.minecraft.server.packs.resources.ReloadableResourceManager/]: Reloading ResourceManager: vanilla, mod_resources, mod/colorful_lighting, mod/curios, mod/lakefeaturefix, mod/neoforge, mod/exploration
[05Jul2026 23:23:39.617] [Worker-Main-4/INFO] [net.minecraft.client.gui.font.providers.UnihexProvider/]: Found unifont_all_no_pua-15.1.05.hex, loading
[05Jul2026 23:23:39.760] [Worker-Main-6/ERROR] [net.minecraft.client.resources.model.ModelManager/]: Failed to load blockstate minecraft:blockstates/red_mushroom.json from pack mod/exploration
com.google.gson.JsonParseException: java.io.EOFException: End of input at line 1 column 1 path $
	at TRANSFORMER/minecraft@1.21.1/net.minecraft.util.GsonHelper.fromNullableJson(GsonHelper.java:434) ~[neoforge-21.1.190.jar%23192!/:?]
	at TRANSFORMER/minecraft@1.21.1/net.minecraft.util.GsonHelper.fromJson(GsonHelper.java:439) ~[neoforge-21.1.190.jar%23192!/:?]
	at TRANSFORMER/minecraft@1.21.1/net.minecraft.util.GsonHelper.parse(GsonHelper.java:503) ~[neoforge-21.1.190.jar%23192!/:?]
	at TRANSFORMER/minecraft@1.21.1/net.minecraft.util.GsonHelper.parse(GsonHelper.java:511) ~[neoforge-21.1.190.jar%23192!/:?]
	at TRANSFORMER/minecraft@1.21.1/net.minecraft.client.resources.model.ModelManager.lambda$loadBlockStates$12(ModelManager.java:180) ~[neoforge-21.1.190.jar%23192!/:?]
	at java.base/java.util.concurrent.CompletableFuture$AsyncSupply.run(CompletableFuture.java:1768) [?:?]
	at java.base/java.util.concurrent.CompletableFuture$AsyncSupply.exec(CompletableFuture.java:1760) [?:?]
	at java.base/java.util.concurrent.ForkJoinTask.doExec(ForkJoinTask.java:507) [?:?]
	at java.base/java.util.concurrent.ForkJoinPool$WorkQueue.topLevelExec(ForkJoinPool.java:1491) [?:?]
	at java.base/java.util.concurrent.ForkJoinPool.scan(ForkJoinPool.java:2073) [?:?]
	at java.base/java.util.concurrent.ForkJoinPool.runWorker(ForkJoinPool.java:2035) [?:?]
	at java.base/java.util.concurrent.ForkJoinWorkerThread.run(ForkJoinWorkerThread.java:187) [?:?]
Caused by: java.io.EOFException: End of input at line 1 column 1 path $
	at MC-BOOTSTRAP/com.google.gson@2.10.1/com.google.gson.stream.JsonReader.nextNonWhitespace(JsonReader.java:1457) ~[gson-2.10.1.jar%23110!/:?]
	at MC-BOOTSTRAP/com.google.gson@2.10.1/com.google.gson.stream.JsonReader.doPeek(JsonReader.java:558) ~[gson-2.10.1.jar%23110!/:?]
	at MC-BOOTSTRAP/com.google.gson@2.10.1/com.google.gson.stream.JsonReader.peek(JsonReader.java:433) ~[gson-2.10.1.jar%23110!/:?]
	at MC-BOOTSTRAP/com.google.gson@2.10.1/com.google.gson.internal.bind.TypeAdapters$28.read(TypeAdapters.java:769) ~[gson-2.10.1.jar%23110!/:?]
	at MC-BOOTSTRAP/com.google.gson@2.10.1/com.google.gson.internal.bind.TypeAdapters$28.read(TypeAdapters.java:725) ~[gson-2.10.1.jar%23110!/:?]
	at MC-BOOTSTRAP/com.google.gson@2.10.1/com.google.gson.internal.bind.TypeAdapters$34$1.read(TypeAdapters.java:1007) ~[gson-2.10.1.jar%23110!/:?]
	at TRANSFORMER/minecraft@1.21.1/net.minecraft.util.GsonHelper.fromNullableJson(GsonHelper.java:432) ~[neoforge-21.1.190.jar%23192!/:?]
	... 11 more
[05Jul2026 23:23:39.947] [Worker-Main-3/INFO] [net.minecraft.client.gui.font.providers.UnihexProvider/]: Found unifont_jp_patch-15.1.05.hex, loading
[05Jul2026 23:23:41.317] [Worker-Main-1/INFO] [me.erykczy.colorfullighting.ColorfulLighting/]: Colored light engine reset
[05Jul2026 23:23:41.426] [Render thread/WARN] [net.minecraft.client.sounds.SoundEngine/]: Missing sound for event: minecraft:item.goat_horn.play
[05Jul2026 23:23:41.426] [Render thread/WARN] [net.minecraft.client.sounds.SoundEngine/]: Missing sound for event: minecraft:entity.goat.screaming.horn_break
[05Jul2026 23:23:41.919] [Render thread/INFO] [com.mojang.blaze3d.audio.Library/]: OpenAL initialized on device OpenAL Soft on Speakers (Senary Audio)
[05Jul2026 23:23:41.919] [Render thread/INFO] [net.minecraft.client.sounds.SoundEngine/SOUNDS]: Sound engine started
[05Jul2026 23:23:42.088] [Render thread/INFO] [net.minecraft.client.renderer.texture.TextureAtlas/]: Created: 1024x512x2 minecraft:textures/atlas/blocks.png-atlas
[05Jul2026 23:23:42.100] [Render thread/INFO] [net.minecraft.client.renderer.texture.TextureAtlas/]: Created: 256x256x2 minecraft:textures/atlas/signs.png-atlas
[05Jul2026 23:23:42.101] [Render thread/INFO] [net.minecraft.client.renderer.texture.TextureAtlas/]: Created: 512x512x2 minecraft:textures/atlas/banner_patterns.png-atlas
[05Jul2026 23:23:42.101] [Render thread/INFO] [net.minecraft.client.renderer.texture.TextureAtlas/]: Created: 512x512x2 minecraft:textures/atlas/shield_patterns.png-atlas
[05Jul2026 23:23:42.102] [Render thread/INFO] [net.minecraft.client.renderer.texture.TextureAtlas/]: Created: 1024x1024x2 minecraft:textures/atlas/armor_trims.png-atlas
[05Jul2026 23:23:42.107] [Render thread/INFO] [net.minecraft.client.renderer.texture.TextureAtlas/]: Created: 256x256x2 minecraft:textures/atlas/chest.png-atlas
[05Jul2026 23:23:42.108] [Render thread/INFO] [net.minecraft.client.renderer.texture.TextureAtlas/]: Created: 128x64x2 minecraft:textures/atlas/decorated_pot.png-atlas
[05Jul2026 23:23:42.108] [Render thread/INFO] [net.minecraft.client.renderer.texture.TextureAtlas/]: Created: 512x256x2 minecraft:textures/atlas/beds.png-atlas
[05Jul2026 23:23:42.109] [Render thread/INFO] [net.minecraft.client.renderer.texture.TextureAtlas/]: Created: 512x256x2 minecraft:textures/atlas/shulker_boxes.png-atlas
[05Jul2026 23:23:42.238] [Render thread/INFO] [net.minecraft.client.renderer.texture.TextureAtlas/]: Created: 512x256x0 minecraft:textures/atlas/particles.png-atlas
[05Jul2026 23:23:42.240] [Render thread/INFO] [net.minecraft.client.renderer.texture.TextureAtlas/]: Created: 512x256x0 minecraft:textures/atlas/paintings.png-atlas
[05Jul2026 23:23:42.240] [Render thread/INFO] [net.minecraft.client.renderer.texture.TextureAtlas/]: Created: 256x128x0 minecraft:textures/atlas/mob_effects.png-atlas
[05Jul2026 23:23:42.240] [Render thread/INFO] [net.minecraft.client.renderer.texture.TextureAtlas/]: Created: 64x64x0 minecraft:textures/atlas/map_decorations.png-atlas
[05Jul2026 23:23:42.241] [Render thread/INFO] [net.minecraft.client.renderer.texture.TextureAtlas/]: Created: 1024x512x0 minecraft:textures/atlas/gui.png-atlas
[05Jul2026 23:23:42.288] [Render thread/WARN] [net.minecraft.client.renderer.ShaderInstance/]: Shader rendertype_entity_translucent_emissive could not find sampler named Sampler2 in the specified shader program.
[05Jul2026 23:23:42.415] [Render thread/INFO] [net.neoforged.neoforge.client.entity.animation.json.AnimationLoader/]: Loaded 0 entity animations
[05Jul2026 23:23:47.166] [Render thread/INFO] [net.minecraft.world.level.storage.LevelStorageSource/]: Deleting level New World
[05Jul2026 23:23:47.166] [Render thread/INFO] [net.minecraft.world.level.storage.LevelStorageSource/]: Attempt 1...
[05Jul2026 23:23:48.861] [Render thread/INFO] [net.minecraft.world.item.crafting.RecipeManager/]: Loaded 1424 recipes
[05Jul2026 23:23:49.063] [Render thread/INFO] [net.minecraft.advancements.AdvancementTree/]: Loaded 1556 advancements
[05Jul2026 23:23:49.069] [Render thread/INFO] [Curios API/]: Loaded 10 curio slots
[05Jul2026 23:23:49.074] [Render thread/INFO] [Curios API/]: Loaded 1 curio entities
[05Jul2026 23:23:58.659] [Server thread/INFO] [net.minecraft.client.server.IntegratedServer/]: Starting integrated minecraft server version 1.21.1
[05Jul2026 23:23:58.659] [Server thread/INFO] [net.minecraft.server.MinecraftServer/]: Generating keypair
[05Jul2026 23:23:58.738] [Server thread/ERROR] [net.neoforged.neoforge.server.ServerLifecycleHooks/]: The following entities have not registered to the RegisterSpawnPlacementsEvent, but a spawn entry was found. This will mean that the entity doesn't have restrictions on its spawn location, please register a spawn placement for the entity, you can register with NO_RESTRICTIONS if you don't want any restrictions.
	 - exploration:crystalized_zombie
[05Jul2026 23:24:02.029] [Server thread/INFO] [net.minecraft.server.MinecraftServer/]: Preparing start region for dimension minecraft:overworld
[05Jul2026 23:24:02.064] [progressListener/INFO] [net.minecraft.server.level.progress.LoggerChunkProgressListener/]: Preparing spawn area: 2%
[05Jul2026 23:24:02.536] [progressListener/INFO] [net.minecraft.server.level.progress.LoggerChunkProgressListener/]: Preparing spawn area: 2%
[05Jul2026 23:24:03.048] [progressListener/INFO] [net.minecraft.server.level.progress.LoggerChunkProgressListener/]: Preparing spawn area: 2%
[05Jul2026 23:24:03.541] [progressListener/INFO] [net.minecraft.server.level.progress.LoggerChunkProgressListener/]: Preparing spawn area: 18%
[05Jul2026 23:24:04.046] [progressListener/INFO] [net.minecraft.server.level.progress.LoggerChunkProgressListener/]: Preparing spawn area: 34%
[05Jul2026 23:24:04.542] [progressListener/INFO] [net.minecraft.server.level.progress.LoggerChunkProgressListener/]: Preparing spawn area: 51%
[05Jul2026 23:24:05.035] [progressListener/INFO] [net.minecraft.server.level.progress.LoggerChunkProgressListener/]: Preparing spawn area: 51%
[05Jul2026 23:24:05.173] [Server thread/INFO] [net.neoforged.neoforge.server.permission.PermissionAPI/]: Successfully initialized permission handler neoforge:default_handler
[05Jul2026 23:24:05.174] [progressListener/INFO] [net.minecraft.server.level.progress.LoggerChunkProgressListener/]: Time elapsed: 3144 ms
[05Jul2026 23:24:05.206] [Server thread/INFO] [net.minecraft.client.server.IntegratedServer/]: Changing view distance to 12, from 10
[05Jul2026 23:24:05.206] [Server thread/INFO] [net.minecraft.client.server.IntegratedServer/]: Changing simulation distance to 5, from 0
[05Jul2026 23:24:06.057] [Server thread/INFO] [net.minecraft.server.players.PlayerList/]: Dev[local:E:56e3a65a] logged in with entity id 11 at (202.5, 72.0, -257.5)
[05Jul2026 23:24:06.119] [Server thread/INFO] [net.minecraft.server.MinecraftServer/]: Dev joined the game
[05Jul2026 23:24:06.157] [Server thread/INFO] [net.minecraft.server.MinecraftServer/]: Dev has made the advancement [Starting The Exploration]
[05Jul2026 23:24:06.375] [Render thread/INFO] [me.erykczy.colorfullighting.ColorfulLighting/]: Colored light engine reset
[05Jul2026 23:24:06.602] [Render thread/INFO] [net.minecraft.client.gui.components.ChatComponent/]: [System] [CHAT] Dev has made the advancement [Starting The Exploration]
[05Jul2026 23:24:08.696] [Server thread/WARN] [net.minecraft.server.MinecraftServer/]: Can't keep up! Is the server overloaded? Running 2670ms or 53 ticks behind
[05Jul2026 23:24:08.750] [Render thread/INFO] [net.minecraft.advancements.AdvancementTree/]: Loaded 16 advancements
[05Jul2026 23:24:09.638] [Server thread/INFO] [net.minecraft.server.MinecraftServer/]: Dev has made the advancement [It Smells.. Sweet]
[05Jul2026 23:24:09.644] [Render thread/INFO] [net.minecraft.client.gui.components.ChatComponent/]: [System] [CHAT] Dev has made the advancement [It Smells.. Sweet]
[05Jul2026 23:24:09.688] [Render thread/INFO] [net.minecraft.advancements.AdvancementTree/]: Loaded 16 advancements
[05Jul2026 23:24:14.558] [Server thread/INFO] [net.minecraft.server.commands.LocateCommand/]: Locating element exploration:mushroom_garden took 95 ms
[05Jul2026 23:24:14.571] [Render thread/INFO] [net.minecraft.client.gui.components.ChatComponent/]: [System] [CHAT] The nearest exploration:mushroom_garden is at [810, 67, -834] (837 blocks away)
[05Jul2026 23:24:17.665] [Server thread/INFO] [net.minecraft.server.MinecraftServer/]: [Dev: Teleported Dev to 810.500000, 67.000000, -833.500000]
[05Jul2026 23:24:17.687] [Render thread/INFO] [net.minecraft.client.gui.components.ChatComponent/]: [System] [CHAT] Teleported Dev to 810.500000, 67.000000, -833.500000
[05Jul2026 23:24:17.791] [Server thread/INFO] [net.minecraft.server.MinecraftServer/]: Dev has made the advancement [Photosynthesis]
[05Jul2026 23:24:17.876] [Render thread/INFO] [net.minecraft.client.gui.components.ChatComponent/]: [System] [CHAT] Dev has made the advancement [Photosynthesis]
[05Jul2026 23:24:17.876] [Render thread/INFO] [net.minecraft.advancements.AdvancementTree/]: Loaded 16 advancements
[05Jul2026 23:24:25.140] [Server thread/INFO] [net.minecraft.server.MinecraftServer/]: [Dev: Set own game mode to Survival Mode]
[05Jul2026 23:24:25.148] [Render thread/INFO] [net.minecraft.client.gui.components.ChatComponent/]: [System] [CHAT] Set own game mode to Survival Mode
[05Jul2026 23:24:27.513] [Server thread/INFO] [net.minecraft.server.MinecraftServer/]: [Dev: Set own game mode to Spectator Mode]
[05Jul2026 23:24:27.517] [Render thread/INFO] [net.minecraft.client.gui.components.ChatComponent/]: [System] [CHAT] Set own game mode to Spectator Mode
[05Jul2026 23:24:48.177] [Server thread/INFO] [net.minecraft.client.server.IntegratedServer/]: Saving and pausing game...
[05Jul2026 23:24:48.215] [Server thread/INFO] [net.minecraft.server.MinecraftServer/]: Saving chunks for level 'ServerLevel[New World]'/minecraft:overworld
[05Jul2026 23:24:48.224] [Server thread/INFO] [net.minecraft.server.MinecraftServer/]: Saving chunks for level 'ServerLevel[New World]'/exploration:the_exploration
[05Jul2026 23:24:48.233] [Server thread/INFO] [net.minecraft.server.MinecraftServer/]: Saving chunks for level 'ServerLevel[New World]'/minecraft:the_nether
[05Jul2026 23:24:48.233] [Server thread/INFO] [net.minecraft.server.MinecraftServer/]: Saving chunks for level 'ServerLevel[New World]'/minecraft:the_end
[05Jul2026 23:24:48.790] [Render thread/INFO] [me.erykczy.colorfullighting.ColorfulLighting/]: Colored light engine reset
[05Jul2026 23:24:48.836] [Server thread/INFO] [net.minecraft.server.network.ServerGamePacketListenerImpl/]: Dev lost connection: Disconnected
[05Jul2026 23:24:48.836] [Server thread/INFO] [net.minecraft.server.MinecraftServer/]: Dev left the game
[05Jul2026 23:24:48.855] [Server thread/INFO] [net.minecraft.server.network.ServerCommonPacketListenerImpl/]: Stopping singleplayer server as player logged out
[05Jul2026 23:24:48.878] [Server thread/INFO] [net.minecraft.server.MinecraftServer/]: Stopping server
[05Jul2026 23:24:48.879] [Server thread/INFO] [net.minecraft.server.MinecraftServer/]: Saving players
[05Jul2026 23:24:48.879] [Server thread/INFO] [net.minecraft.server.MinecraftServer/]: Saving worlds
[05Jul2026 23:24:51.833] [Server thread/INFO] [net.minecraft.server.MinecraftServer/]: Saving chunks for level 'ServerLevel[New World]'/minecraft:overworld
[05Jul2026 23:24:51.854] [Server thread/INFO] [net.minecraft.server.MinecraftServer/]: Saving chunks for level 'ServerLevel[New World]'/exploration:the_exploration
[05Jul2026 23:24:51.992] [Server thread/INFO] [net.minecraft.server.MinecraftServer/]: Saving chunks for level 'ServerLevel[New World]'/minecraft:the_nether
[05Jul2026 23:24:52.000] [Server thread/INFO] [net.minecraft.server.MinecraftServer/]: Saving chunks for level 'ServerLevel[New World]'/minecraft:the_end
[05Jul2026 23:24:52.121] [Server thread/INFO] [net.minecraft.server.MinecraftServer/]: ThreadedAnvilChunkStorage (New World): All chunks are saved
[05Jul2026 23:24:52.121] [Server thread/INFO] [net.minecraft.server.MinecraftServer/]: ThreadedAnvilChunkStorage (the_exploration): All chunks are saved
[05Jul2026 23:24:52.121] [Server thread/INFO] [net.minecraft.server.MinecraftServer/]: ThreadedAnvilChunkStorage (DIM-1): All chunks are saved
[05Jul2026 23:24:52.121] [Server thread/INFO] [net.minecraft.server.MinecraftServer/]: ThreadedAnvilChunkStorage (DIM1): All chunks are saved
[05Jul2026 23:24:52.121] [Server thread/INFO] [net.minecraft.server.MinecraftServer/]: ThreadedAnvilChunkStorage: All dimensions are saved
[05Jul2026 23:24:53.142] [Render thread/INFO] [net.minecraft.client.Minecraft/]: Stopping!
